   Compiling opencrab-gateway-migrate v0.2.17 (<repo>/crates/gateway-migrate)
    Finished `test` profile [unoptimized + debuginfo] target(s) in 36.89s
     Running unittests src/lib.rs (target/debug/deps/opencrab_gateway_migrate-639abb0bdea7c711)

running 9 tests

thread 'destination::s8_review_red_tests::each_watch_row_has_exactly_one_edge' panicked at crates/gateway-migrate/src/destination.rs:893:9:
assertion failed: validate_source_coverage(&[row], &approval, &[]).is_err()
note: run with `RUST_BACKTRACE=1` environment variable to display a backtrace

thread 'command::s8_review_red_tests::import_report_rejects_unknown_destination_fields' panicked at crates/gateway-migrate/src/command.rs:311:9:
unknown destination fields must fail typed decoding

thread 'destination::s8_review_red_tests::rest_identity_has_exactly_one_api_principal_edge' panicked at crates/gateway-migrate/src/destination.rs:834:9:
assertion failed: build_identity_plans(&[row], &approval, &[plan]).is_err()
test destination::s8_review_red_tests::each_watch_row_has_exactly_one_edge ... FAILED
test command::s8_review_red_tests::import_report_rejects_unknown_destination_fields ... FAILED
test destination::s8_review_red_tests::rest_identity_has_exactly_one_api_principal_edge ... FAILED

thread 'destination::s8_review_red_tests::destination_schema_identifier_is_exact' panicked at crates/gateway-migrate/src/destination.rs:816:9:
assertion failed: initialize_destinations(&approval(destination), &inputs).is_err()
test destination::s8_review_red_tests::destination_schema_identifier_is_exact ... FAILED

thread 'destination::s8_review_red_tests::progressed_instance_with_stale_core_revision_conflicts' panicked at crates/gateway-migrate/src/destination.rs:845:9:
assertion `left == right` failed: a stale progressed core revision must not be accepted as revision 1
  left: Number(1)
 right: 7
test destination::s8_review_red_tests::progressed_instance_with_stale_core_revision_conflicts ... FAILED

thread 'destination::s8_review_red_tests::existing_web_instance_uses_persisted_author_and_role_without_creation' panicked at crates/gateway-migrate/src/destination.rs:858:9:
assertion `left == right` failed
  left: Null
 right: "author-42"
test destination::s8_review_red_tests::existing_web_instance_uses_persisted_author_and_role_without_creation ... FAILED

thread 'backup::s8_review_red_tests::a_second_import_cannot_reuse_a_preexisting_backup_directory' panicked at crates/gateway-migrate/src/backup.rs:236:14:
an existing directory cannot be the new matched backup set: [BackupRecord { kind_id: "core", path_id: "core", schema: "core-v56", file_sha256: "feaefb854a01e03297d44130698426eb24db8f0fd26b2d7fe1212819fc4f46c4", logical_sha256: "1d2143e95cfc153d5cf4cb7e21448d287f2a1be0dadb98721c7f6da6ec60b7f9" }, BackupRecord { kind_id: "discord", path_id: "main", schema: "s5-discord-v1", file_sha256: "a042c3ba79313edc5fa9715a753e4a0c03625c484e4a3668fbbbd09c59cdd0b9", logical_sha256: "9273d689038ec14f8603aba621dbe4b9c9fa19831f9ed63f40b97a41452eb1f2" }]
test backup::s8_review_red_tests::a_second_import_cannot_reuse_a_preexisting_backup_directory ... FAILED

thread 'destination::s8_review_red_tests::complete_channel_binding_edge_set_is_validated' panicked at crates/gateway-migrate/src/destination.rs:881:9:
a matching live binding cannot be omitted from the approved channel edges
test destination::s8_review_red_tests::complete_channel_binding_edge_set_is_validated ... FAILED

thread 'source::s8_review_red_tests::required_core_column_must_exist_but_extra_columns_are_allowed' panicked at crates/gateway-migrate/src/source.rs:307:37:
missing migration input must fail before writing: []
test source::s8_review_red_tests::required_core_column_must_exist_but_extra_columns_are_allowed ... FAILED

failures:

failures:
    backup::s8_review_red_tests::a_second_import_cannot_reuse_a_preexisting_backup_directory
    command::s8_review_red_tests::import_report_rejects_unknown_destination_fields
    destination::s8_review_red_tests::complete_channel_binding_edge_set_is_validated
    destination::s8_review_red_tests::destination_schema_identifier_is_exact
    destination::s8_review_red_tests::each_watch_row_has_exactly_one_edge
    destination::s8_review_red_tests::existing_web_instance_uses_persisted_author_and_role_without_creation
    destination::s8_review_red_tests::progressed_instance_with_stale_core_revision_conflicts
    destination::s8_review_red_tests::rest_identity_has_exactly_one_api_principal_edge
    source::s8_review_red_tests::required_core_column_must_exist_but_extra_columns_are_allowed

test result: FAILED. 0 passed; 9 failed; 0 ignored; 0 measured; 0 filtered out; finished in 0.08s

error: test failed, to rerun pass `-p opencrab-gateway-migrate --lib`
