    Finished `test` profile [unoptimized + debuginfo] target(s) in 8.56s
     Running tests/conformance.rs (target/debug/deps/conformance-73bd4b8e22776fa0)

running 1 test

thread 'delivery_disconnect_is_indeterminate_and_no_resend' panicked at crates/extgate/tests/conformance/delivery.rs:134:10:
called `Result::unwrap()` on an `Err` value: InvalidColumnType(1, "error", Null)
note: run with `RUST_BACKTRACE=1` environment variable to display a backtrace
test delivery_disconnect_is_indeterminate_and_no_resend ... FAILED

failures:

failures:
    delivery_disconnect_is_indeterminate_and_no_resend

test result: FAILED. 0 passed; 1 failed; 0 ignored; 0 measured; 94 filtered out; finished in 0.16s

error: test failed, to rerun pass `-p opencrab-extgate --test conformance`
    Finished `test` profile [unoptimized + debuginfo] target(s) in 0.11s
     Running tests/conformance.rs (target/debug/deps/conformance-73bd4b8e22776fa0)

running 1 test

thread 'startup_recover_stale_sending' panicked at crates/extgate/tests/conformance/delivery.rs:236:14:
called `Result::unwrap()` on an `Err` value: InvalidColumnType(1, "error", Null)
note: run with `RUST_BACKTRACE=1` environment variable to display a backtrace
test startup_recover_stale_sending ... FAILED

failures:

failures:
    startup_recover_stale_sending

test result: FAILED. 0 passed; 1 failed; 0 ignored; 0 measured; 94 filtered out; finished in 0.03s

error: test failed, to rerun pass `-p opencrab-extgate --test conformance`
